// Jest Snapshot v1, https://goo.gl/fbAQLP

exports['<Header /> should render the heading 1'] = `
.c4 {
  width: 4.332rem;
  height: 6.4rem;
  color: #edf1f7;
}

.c9 {
  display: inline-block;
  vertical-align: middle;
  overflow: hidden;
}

.c0 {
  max-width: 144rem;
  margin: 0 2rem;
}

.c1 {
  padding-top: 1.6rem;
}

.c2 {
  display: -webkit-box;
  display: -webkit-flex;
  display: -ms-flexbox;
  display: flex;
  -webkit-box-pack: justify;
  -webkit-justify-content: space-between;
  -ms-flex-pack: justify;
  justify-content: space-between;
  -webkit-align-items: center;
  -webkit-box-align: center;
  -ms-flex-align: center;
  align-items: center;
}

.c3 {
  display: -webkit-box;
  display: -webkit-flex;
  display: -ms-flexbox;
  display: flex;
  -webkit-align-items: center;
  -webkit-box-align: center;
  -ms-flex-align: center;
  align-items: center;
  gap: 2.4rem;
}

.c5 {
  display: none;
}

.c6 {
  list-style: none;
}

.c6:last-child a {
  color: #F02A2F;
  font-style: italic;
}

.c7 {
  position: relative;
  -webkit-text-decoration: none;
  text-decoration: none;
  font-size: 1.4rem;
  text-transform: uppercase;
  color: #959698;
  font-weight: 200;
  padding: 0.8rem 1.6rem;
  -webkit-letter-spacing: 2px;
  -moz-letter-spacing: 2px;
  -ms-letter-spacing: 2px;
  letter-spacing: 2px;
  -webkit-transition: 0.7s ease;
  transition: 0.7s ease;
}

.c7::after {
  content: '';
  position: absolute;
  left: 50%;
  top: -100%;
  width: 2px;
  height: 0px;
  border-radius: 2px;
  background: linear-gradient( 0deg, #EA1D22 0%, rgba(0,0,0,0) 100% );
  -webkit-transition: 0.7s ease;
  transition: 0.7s ease;
}

.c7:hover {
  color: #EDF1F7;
}

.c7:hover::after {
  height: 40px;
}

.c8 {
  display: none;
}

.c8 svg {
  cursor: pointer;
  -webkit-transition: 0.7s ease;
  transition: 0.7s ease;
}

.c8 svg:hover {
  color: #F02A2F;
  -webkit-transform: translateY(-3px);
  -ms-transform: translateY(-3px);
  transform: translateY(-3px);
}

@media (min-width:1170px) {
  .c4 {
    width: 9.6rem;
    height: 9.6rem;
  }
}

@media (min-width:1170px) {
  .c0 {
    margin: 0 3.2rem;
  }
}

@media (min-width:1440px) {
  .c0 {
    margin-left: auto;
    margin-right: auto;
  }
}

@media (min-width:1170px) {
  .c5 {
    display: -webkit-box;
    display: -webkit-flex;
    display: -ms-flexbox;
    display: flex;
    gap: 2.4rem;
  }
}

@media (min-width:1170px) {
  .c8 {
    display: -webkit-box;
    display: -webkit-flex;
    display: -ms-flexbox;
    display: flex;
    gap: 1.6rem;
  }
}

<div
  class="c0 c1"
>
  <nav
    class="c2"
  >
    <div
      class="c3"
    >
      <div
        class=""
      >
        <div
          class="c4"
        >
          <svg
            fill="none"
            viewBox="0 0 96 96"
            xmlns="http://www.w3.org/2000/svg"
          >
            <g>
              <path
                clip-rule="evenodd"
                d="M50.4431 44.6386L50.703 44.1559C53.3391 45.6906 59.4431 49.3762 62.7698 51.8416C62.745 53.9208 62.5247 59.401 61.8416 64.6881C61.5322 67.3243 60.2599 73.8589 57.646 78.9084C59.1435 76.9158 62.4876 71.3713 63.8836 65.1337C64.3663 63.3639 65.4653 58.0495 66 50.9505C63.1534 49.3045 56.1683 45.5223 51 43.5619L51.3713 42.7822C55.1955 43.8342 64.1287 46.5025 69.2673 48.7599C69.1559 51.4332 68.495 58.4505 66.7426 65.1337C65.8371 68.5866 63.3416 77.4752 56.2723 86C56.3697 85.8994 56.4882 85.78 56.6273 85.6398C58.1308 84.1248 62.0302 80.1956 67.5223 71.6312C70.2698 66.5446 72.0891 60.6782 74.3911 46.7178C68.9703 44.9728 61.5817 43.0421 51.594 42.0025L51.8911 41.4084C55.6039 41.2104 64.2772 41.0743 69.2673 42.1139C69.8366 38.3144 69.6312 29.4975 65.146 24.6262C66.1361 27.3366 67.9827 34.0569 66.5569 39.255C62.9307 39.2302 54.9431 39.3812 52.0025 40.1832L51.5198 39.552C53.698 38.2525 58.6708 35.5421 61.1361 35.0965C61.1442 35.0372 61.1523 34.9774 61.1605 34.9172C61.8684 29.7099 62.9799 21.5342 55.4554 11C57.2747 14.75 60.2153 23.802 58.3143 33.2772L50.9257 38.6609L50.3688 37.8812L52.6336 35.5421C52.2252 34.8738 51.0074 33.3812 49.4035 32.7574C50.1708 33.6733 51.2079 35.698 49.2178 36.4703H46.2846C45.4307 36.2475 44.198 35.1931 46.099 32.7574C45.3193 33.1163 43.604 34.1757 42.9802 35.5421L44.6881 37.5842L44.3168 38.3267L37.1881 33.3144C36.3465 29.6881 35.6584 20.1559 39.6386 11.0371C39.3184 11.6268 39.0101 12.189 38.7142 12.7287C34.6868 20.0738 32.9356 23.2677 34.1807 35.0965C35.5792 35.3936 39.3639 36.6856 43.3144 39.4777L43.0916 39.9604C39.7005 39.6386 32.0941 39.0619 28.797 39.3292C28.2277 36.6807 27.7054 30.0322 30.1708 24.6262C26.2723 30.1213 25.4926 34.1312 26.1609 42.2252C28.9703 41.6807 36.2896 40.755 43.0916 41.4084L43.3144 42.0025C38.3144 42.6337 26.8515 44.4604 21 46.7178C21.1638 47.5953 21.3229 48.4557 21.4788 49.2991C22.9129 57.0566 24.0818 63.3797 26.2723 68.3639C29.9854 75.5044 33.156 79.1728 37.0129 83.6354C37.6683 84.3937 38.3435 85.1749 39.0446 86C33.0668 77.7203 26.8738 67.3243 26.1609 48.7599C30.0965 47.1881 39.1931 43.7921 44.0941 42.7822L44.4282 43.5619C40.4183 45.2574 31.7673 49.0941 29.5396 50.8762C29.5642 51.2066 29.5884 51.5383 29.6127 51.8715C30.1759 59.5913 30.7984 68.1239 37.5965 78.9084C35.4802 74.2673 33.0891 68.9802 32.5842 51.8416C35.5173 49.8738 42.0446 45.5817 44.6881 44.1559L44.9851 44.6386C43.6485 45.4926 40.5446 47.6386 38.8218 49.3911C38.7104 50.1089 38.5545 52.7847 38.8218 57.745C40.0965 60.0594 43.6559 65.0668 47.6955 66.5817C49.7624 65.7401 54.4084 62.7946 56.4579 57.745C56.6188 56.5569 56.9035 53.2376 56.7549 49.4653C55.5173 48.3391 52.5223 45.797 50.4431 44.6386ZM40.5 49.5L43.5 47L41.5 50C41.5 55.5 43.3217 59.0567 47.8 60.8C53.0938 57.745 54 55 54 50L52 47L55.2 49.8C55.2951 52.3648 55.4229 53.7895 54.7 56.5C53.5 59.5 51.5 61.5 47.7 63.8C44 61.5 43 60 40.7 56.5C40.3164 53.5132 40.1274 51.9879 40.5 49.5Z"
                fill="#EDF1F7"
                fill-rule="evenodd"
                stroke="#EDF1F7"
                stroke-linecap="round"
                stroke-linejoin="round"
                stroke-width="0.5"
              />
            </g>
          </svg>
        </div>
      </div>
      <ul
        class="c5"
      >
        <li
          class="c6"
        >
          <a
            class="c7"
            href="/1"
          >
            Home
          </a>
        </li>
        <li
          class="c6"
        >
          <a
            class="c7"
            href="/1"
          >
            Story
          </a>
        </li>
        <li
          class="c6"
        >
          <a
            class="c7"
            href="/1"
          >
            Wallpapers
          </a>
        </li>
        <li
          class="c6"
        >
          <a
            class="c7"
            href="/1"
          >
            #BeYourself
          </a>
        </li>
      </ul>
    </div>
    <div
      class="c8"
    >
      <svg
        aria-hidden="true"
        class="c9"
        color="#959698"
        fill="currentColor"
        focusable="false"
        height="24"
        viewBox="0 0 24 24"
        width="24"
        xmlns="http://www.w3.org/2000/svg"
      >
        <path
          d="M13.397 20.997v-8.196h2.765l.411-3.209h-3.176V7.548c0-.926.258-1.56 1.587-1.56h1.684V3.127A22.336 22.336 0 0 0 14.201 3c-2.444 0-4.122 1.492-4.122 4.231v2.355H7.332v3.209h2.753v8.202h3.312z"
        />
      </svg>
      <svg
        aria-hidden="true"
        class="c9"
        color="#959698"
        fill="currentColor"
        focusable="false"
        height="24"
        viewBox="0 0 24 24"
        width="24"
        xmlns="http://www.w3.org/2000/svg"
      >
        <path
          d="M11.999 7.377a4.623 4.623 0 1 0 0 9.248 4.623 4.623 0 0 0 0-9.248zm0 7.627a3.004 3.004 0 1 1 0-6.008 3.004 3.004 0 0 1 0 6.008z"
        />
        <circle
          cx="16.806"
          cy="7.207"
          r="1.078"
        />
        <path
          d="M20.533 6.111A4.605 4.605 0 0 0 17.9 3.479a6.606 6.606 0 0 0-2.186-.42c-.963-.042-1.268-.054-3.71-.054s-2.755 0-3.71.054a6.554 6.554 0 0 0-2.184.42 4.6 4.6 0 0 0-2.633 2.632 6.585 6.585 0 0 0-.419 2.186c-.043.962-.056 1.267-.056 3.71 0 2.442 0 2.753.056 3.71.015.748.156 1.486.419 2.187a4.61 4.61 0 0 0 2.634 2.632 6.584 6.584 0 0 0 2.185.45c.963.042 1.268.055 3.71.055s2.755 0 3.71-.055a6.615 6.615 0 0 0 2.186-.419 4.613 4.613 0 0 0 2.633-2.633c.263-.7.404-1.438.419-2.186.043-.962.056-1.267.056-3.71s0-2.753-.056-3.71a6.581 6.581 0 0 0-.421-2.217zm-1.218 9.532a5.043 5.043 0 0 1-.311 1.688 2.987 2.987 0 0 1-1.712 1.711 4.985 4.985 0 0 1-1.67.311c-.95.044-1.218.055-3.654.055-2.438 0-2.687 0-3.655-.055a4.96 4.96 0 0 1-1.669-.311 2.985 2.985 0 0 1-1.719-1.711 5.08 5.08 0 0 1-.311-1.669c-.043-.95-.053-1.218-.053-3.654 0-2.437 0-2.686.053-3.655a5.038 5.038 0 0 1 .311-1.687c.305-.789.93-1.41 1.719-1.712a5.01 5.01 0 0 1 1.669-.311c.951-.043 1.218-.055 3.655-.055s2.687 0 3.654.055a4.96 4.96 0 0 1 1.67.311 2.991 2.991 0 0 1 1.712 1.712 5.08 5.08 0 0 1 .311 1.669c.043.951.054 1.218.054 3.655 0 2.436 0 2.698-.043 3.654h-.011z"
        />
      </svg>
      <svg
        aria-hidden="true"
        class="c9"
        color="#959698"
        fill="currentColor"
        focusable="false"
        height="24"
        viewBox="0 0 24 24"
        width="24"
        xmlns="http://www.w3.org/2000/svg"
      >
        <path
          d="M21.593 7.203a2.506 2.506 0 0 0-1.762-1.766C18.265 5.007 12 5 12 5s-6.264-.007-7.831.404a2.56 2.56 0 0 0-1.766 1.778c-.413 1.566-.417 4.814-.417 4.814s-.004 3.264.406 4.814c.23.857.905 1.534 1.763 1.765 1.582.43 7.83.437 7.83.437s6.265.007 7.831-.403a2.515 2.515 0 0 0 1.767-1.763c.414-1.565.417-4.812.417-4.812s.02-3.265-.407-4.831zM9.996 15.005l.005-6 5.207 3.005-5.212 2.995z"
        />
      </svg>
      <svg
        aria-hidden="true"
        class="c9"
        color="#959698"
        fill="currentColor"
        focusable="false"
        height="24"
        viewBox="0 0 24 24"
        width="24"
        xmlns="http://www.w3.org/2000/svg"
      >
        <path
          d="M19.633 7.997c.013.175.013.349.013.523 0 5.325-4.053 11.461-11.46 11.461-2.282 0-4.402-.661-6.186-1.809.324.037.636.05.973.05a8.07 8.07 0 0 0 5.001-1.721 4.036 4.036 0 0 1-3.767-2.793c.249.037.499.062.761.062.361 0 .724-.05 1.061-.137a4.027 4.027 0 0 1-3.23-3.953v-.05c.537.299 1.16.486 1.82.511a4.022 4.022 0 0 1-1.796-3.354c0-.748.199-1.434.548-2.032a11.457 11.457 0 0 0 8.306 4.215c-.062-.3-.1-.611-.1-.923a4.026 4.026 0 0 1 4.028-4.028c1.16 0 2.207.486 2.943 1.272a7.957 7.957 0 0 0 2.556-.973 4.02 4.02 0 0 1-1.771 2.22 8.073 8.073 0 0 0 2.319-.624 8.645 8.645 0 0 1-2.019 2.083z"
        />
      </svg>
    </div>
  </nav>
</div>
`;
